============================================================
prepare_molecule: vancomycin_2d  format=sdf  pH=2.6
============================================================
[0] OpenBabel: Open Babel 3.1.0 -- May  8 2020 -- 15:48:11

[1/3] Generating 3D geometry from SDF: molecules/vancomycin_2d/vancomycin_2d.sdf
      Force field steps: 5000
      Protonation pH: 2.6

[2/3] Molecular charge: +0

[3/3] XYZ written: /Users/youcef/Downloads/turbomole-cosmo-v2/molecules/vancomycin_2d/vancomycin_2d.xyz
      Formula: C66H77Cl2N9O24
      Atoms:   178

============================================================
DONE: vancomycin_2d
  Format:   SDF
  Formula:  C66H77Cl2N9O24
  Atoms:    178
  Charge:   +0
  pH:       2.6
  XYZ:      /Users/youcef/Downloads/turbomole-cosmo-v2/molecules/vancomycin_2d/vancomycin_2d.xyz
  Charge:   /Users/youcef/Downloads/turbomole-cosmo-v2/molecules/vancomycin_2d/charge.txt
============================================================

Next step:
  scripts/prep_cosmo.sh vancomycin_2d
  (charge will be read automatically from /Users/youcef/Downloads/turbomole-cosmo-v2/molecules/vancomycin_2d/charge.txt)
