============================================================
prepare_molecule: bombesin  format=sdf
============================================================
[0] OpenBabel: Open Babel 3.1.0 -- May  8 2020 -- 15:48:11

[1/3] Generating 3D geometry from SDF: molecules/bombesin/bombesin.sdf
      Force field steps: 5000

[2/3] Molecular charge: +0

[3/3] XYZ written: /Users/youcef/Downloads/turbomole-cosmo-v2/molecules/bombesin/bombesin.xyz
      Formula: C71H110N24O18S
      Atoms:   224

============================================================
DONE: bombesin
  Format:   SDF
  Formula:  C71H110N24O18S
  Atoms:    224
  Charge:   +0
  XYZ:      /Users/youcef/Downloads/turbomole-cosmo-v2/molecules/bombesin/bombesin.xyz
  Charge:   /Users/youcef/Downloads/turbomole-cosmo-v2/molecules/bombesin/charge.txt
============================================================

Next step:
  scripts/prep_cosmo.sh bombesin
  (charge will be read automatically from /Users/youcef/Downloads/turbomole-cosmo-v2/molecules/bombesin/charge.txt)
